buffer.c:32:12:BUFFER_safemalloc	24	static
buffer.c:20:15:BUFFER_new	8	static
buffer.c:56:15:BUFFER_create	32	static
buffer.c:95:15:BUFFER_create_with_size	24	static
buffer.c:130:6:BUFFER_delete	8	static
buffer.c:148:5:BUFFER_build	32	static
buffer.c:200:5:BUFFER_append_build	48	static
buffer.c:256:5:BUFFER_pre_build	32	static
buffer.c:297:5:BUFFER_content	0	static
buffer.c:316:12:BUFFER_unbuild	24	static
buffer.c:345:5:BUFFER_enlarge	24	static
buffer.c:380:5:BUFFER_shrink	40	static
buffer.c:449:5:BUFFER_size	0	static
buffer.c:467:5:BUFFER_append	24	static
buffer.c:521:5:BUFFER_prepend	40	static
buffer.c:579:5:BUFFER_fill	24	static
buffer.c:604:16:BUFFER_u_char	0	static
buffer.c:622:8:BUFFER_length	0	static
buffer.c:638:15:BUFFER_clone	24	static
