crt_abstractions.c:411:12:substricmp	8	static
crt_abstractions.c:49:5:strcat_s	24	static
crt_abstractions.c:126:5:strncpy_s	24	static
crt_abstractions.c:195:5:strcpy_s	16	static
crt_abstractions.c:238:5:sprintf_s	24	static
crt_abstractions.c:306:20:strtoull_s	56	static
crt_abstractions.c:476:26:splitFloatString	72	static
crt_abstractions.c:574:7:strtof_s	64	static
crt_abstractions.c:636:13:strtold_s	48	static
crt_abstractions.c:697:5:mallocAndStrcpy_s	16	static
crt_abstractions.c:742:5:unsignedIntToString	20	static
crt_abstractions.c:793:5:size_tToString	20	static
