strings.c:32:15:STRING_new	24	static
strings.c:53:15:STRING_clone	32	static
strings.c:89:15:STRING_construct	32	static
strings.c:129:15:STRING_construct_sprintf	552	static
strings.c:206:15:STRING_new_with_memory	24	static
strings.c:229:15:STRING_new_quoted	32	static
strings.c:261:15:STRING_new_JSON	40	static
strings.c:376:5:STRING_concat	32	static
strings.c:410:5:STRING_concat_with_STRING	32	static
strings.c:448:5:STRING_copy	32	static
strings.c:490:5:STRING_copy_n	32	static
strings.c:530:5:STRING_sprintf	556	static
strings.c:606:5:STRING_quote	24	static
strings.c:640:5:STRING_empty	24	static
strings.c:670:6:STRING_delete	8	static
strings.c:683:13:STRING_c_str	0	static
strings.c:699:8:STRING_length	0	static
strings.c:712:15:STRING_construct_n	32	static
strings.c:760:5:STRING_compare	0	static
strings.c:788:15:STRING_from_byte_array	32	static
strings.c:828:5:STRING_replace	16	static
