stm32l475e_iot01_env_sensors.c:87:9:BSP_ENV_SENSOR_Init	56	static
stm32l475e_iot01_env_sensors.c:135:9:BSP_ENV_SENSOR_DeInit	8	static
stm32l475e_iot01_env_sensors.c:168:9:BSP_ENV_SENSOR_GetCapabilities	8	static
stm32l475e_iot01_env_sensors.c:197:9:BSP_ENV_SENSOR_ReadID	8	static
stm32l475e_iot01_env_sensors.c:229:9:BSP_ENV_SENSOR_Enable	8	static
stm32l475e_iot01_env_sensors.c:271:9:BSP_ENV_SENSOR_Disable	8	static
stm32l475e_iot01_env_sensors.c:314:9:BSP_ENV_SENSOR_GetOutputDataRate	16	static
stm32l475e_iot01_env_sensors.c:357:9:BSP_ENV_SENSOR_SetOutputDataRate	8	static
stm32l475e_iot01_env_sensors.c:400:9:BSP_ENV_SENSOR_GetValue	16	static
