lis3mdl.c:206:9:LIS3MDL_GetCapabilities	0	static
lis3mdl.c:190:9:LIS3MDL_ReadID	8	static
lis3mdl.c:278:9:LIS3MDL_MAG_GetSensitivity	16	static
lis3mdl.c:425:9:LIS3MDL_MAG_GetFullScale	16	static
lis3mdl.c:316:9:LIS3MDL_MAG_GetOutputDataRate	16	static
lis3mdl.c:398:9:LIS3MDL_MAG_SetOutputDataRate	8	static
lis3mdl.c:462:9:LIS3MDL_MAG_SetFullScale	8	static
lis3mdl.c:135:9:LIS3MDL_Init	16	static
lis3mdl.c:485:9:LIS3MDL_MAG_GetAxesRaw	16	static
lis3mdl.c:509:9:LIS3MDL_MAG_GetAxes	32	static
lis3mdl.c:596:16:ReadRegWrap	8	static
lis3mdl.c:617:16:WriteRegWrap	8	static
lis3mdl.c:229:9:LIS3MDL_MAG_Enable	8	static
lis3mdl.c:253:9:LIS3MDL_MAG_Disable	8	static
lis3mdl.c:171:9:LIS3MDL_DeInit	8	static
lis3mdl.c:541:9:LIS3MDL_Read_Reg	8	static
lis3mdl.c:558:9:LIS3MDL_Write_Reg	16	static
lis3mdl.c:79:9:LIS3MDL_RegisterBusIO	8	static
lis3mdl.c:574:9:LIS3MDL_MAG_Get_DRDY_Status	8	static
