lis3mdl_reg.c:49:9:lis3mdl_read_reg	4	static
lis3mdl_reg.c:67:9:lis3mdl_write_reg	4	static
lis3mdl_reg.c:87:7:lis3mdl_from_fs4_to_gauss	0	static
lis3mdl_reg.c:92:7:lis3mdl_from_fs8_to_gauss	0	static
lis3mdl_reg.c:97:7:lis3mdl_from_fs12_to_gauss	0	static
lis3mdl_reg.c:102:7:lis3mdl_from_fs16_to_gauss	0	static
lis3mdl_reg.c:107:7:lis3mdl_from_lsb_to_celsius	0	static
lis3mdl_reg.c:133:9:lis3mdl_data_rate_set	24	static
lis3mdl_reg.c:170:9:lis3mdl_data_rate_get	16	static
lis3mdl_reg.c:294:9:lis3mdl_temperature_meas_set	24	static
lis3mdl_reg.c:316:9:lis3mdl_temperature_meas_get	16	static
lis3mdl_reg.c:335:9:lis3mdl_full_scale_set	24	static
lis3mdl_reg.c:357:9:lis3mdl_full_scale_get	16	static
lis3mdl_reg.c:393:9:lis3mdl_operating_mode_set	24	static
lis3mdl_reg.c:416:9:lis3mdl_operating_mode_get	16	static
lis3mdl_reg.c:448:9:lis3mdl_fast_low_power_set	24	static
lis3mdl_reg.c:470:9:lis3mdl_fast_low_power_get	16	static
lis3mdl_reg.c:489:9:lis3mdl_block_data_update_set	24	static
lis3mdl_reg.c:511:9:lis3mdl_block_data_update_get	16	static
lis3mdl_reg.c:531:9:lis3mdl_high_part_cycle_set	24	static
lis3mdl_reg.c:555:9:lis3mdl_high_part_cycle_get	16	static
lis3mdl_reg.c:574:9:lis3mdl_mag_data_ready_get	16	static
lis3mdl_reg.c:593:9:lis3mdl_mag_data_ovr_get	16	static
lis3mdl_reg.c:611:9:lis3mdl_magnetic_raw_get	0	static
lis3mdl_reg.c:625:9:lis3mdl_temperature_raw_get	0	static
lis3mdl_reg.c:651:9:lis3mdl_device_id_get	0	static
lis3mdl_reg.c:665:9:lis3mdl_self_test_set	24	static
lis3mdl_reg.c:687:9:lis3mdl_self_test_get	16	static
lis3mdl_reg.c:706:9:lis3mdl_reset_set	24	static
lis3mdl_reg.c:728:9:lis3mdl_reset_get	16	static
lis3mdl_reg.c:747:9:lis3mdl_boot_set	24	static
lis3mdl_reg.c:770:9:lis3mdl_boot_get	16	static
lis3mdl_reg.c:789:9:lis3mdl_data_format_set	24	static
lis3mdl_reg.c:811:9:lis3mdl_data_format_get	16	static
lis3mdl_reg.c:840:9:lis3mdl_status_get	0	static
lis3mdl_reg.c:864:9:lis3mdl_int_config_set	0	static
lis3mdl_reg.c:877:9:lis3mdl_int_config_get	0	static
lis3mdl_reg.c:889:9:lis3mdl_int_generation_set	24	static
lis3mdl_reg.c:912:9:lis3mdl_int_generation_get	16	static
lis3mdl_reg.c:932:9:lis3mdl_int_notification_mode_set	24	static
lis3mdl_reg.c:956:9:lis3mdl_int_notification_mode_get	16	static
lis3mdl_reg.c:987:9:lis3mdl_int_polarity_set	24	static
lis3mdl_reg.c:1010:9:lis3mdl_int_polarity_get	16	static
lis3mdl_reg.c:1039:9:lis3mdl_int_on_z_ax_set	24	static
lis3mdl_reg.c:1061:9:lis3mdl_int_on_z_ax_get	16	static
lis3mdl_reg.c:1080:9:lis3mdl_int_on_y_ax_set	24	static
lis3mdl_reg.c:1102:9:lis3mdl_int_on_y_ax_get	16	static
lis3mdl_reg.c:1121:9:lis3mdl_int_on_x_ax_set	24	static
lis3mdl_reg.c:1144:9:lis3mdl_int_on_x_ax_get	16	static
lis3mdl_reg.c:1163:9:lis3mdl_int_source_get	0	static
lis3mdl_reg.c:1176:9:lis3mdl_interrupt_event_flag_get	16	static
lis3mdl_reg.c:1195:9:lis3mdl_int_mag_over_range_flag_get	16	static
lis3mdl_reg.c:1214:9:lis3mdl_int_neg_z_flag_get	16	static
lis3mdl_reg.c:1233:9:lis3mdl_int_neg_y_flag_get	16	static
lis3mdl_reg.c:1251:9:lis3mdl_int_neg_x_flag_get	16	static
lis3mdl_reg.c:1269:9:lis3mdl_int_pos_z_flag_get	16	static
lis3mdl_reg.c:1287:9:lis3mdl_int_pos_y_flag_get	16	static
lis3mdl_reg.c:1305:9:lis3mdl_int_pos_x_flag_get	16	static
lis3mdl_reg.c:1323:9:lis3mdl_int_threshold_set	0	static
lis3mdl_reg.c:1336:9:lis3mdl_int_threshold_get	0	static
lis3mdl_reg.c:1361:9:lis3mdl_spi_mode_set	24	static
lis3mdl_reg.c:1383:9:lis3mdl_spi_mode_get	16	static
