syscalls.c:61:10:get_heap_allocated	0	static
syscalls.c:67:6:initialise_monitor_handles	0	static
syscalls.c:71:5:_getpid	0	static
syscalls.c:76:5:_kill	8	static
syscalls.c:82:6:_exit	8	static
syscalls.c:88:5:_read	8	static
syscalls.c:100:5:_write	16	static
syscalls.c:111:9:_sbrk	8	static
syscalls.c:144:5:_close	0	static
syscalls.c:150:5:_fstat	0	static
syscalls.c:156:5:_isatty	0	static
syscalls.c:161:5:_lseek	0	static
syscalls.c:166:5:_open	0	static
syscalls.c:172:5:_wait	8	static
syscalls.c:178:5:_unlink	8	static
syscalls.c:184:5:_times	0	static
syscalls.c:189:5:_stat	0	static
syscalls.c:195:5:_link	8	static
syscalls.c:201:5:_fork	8	static
syscalls.c:207:5:_execve	8	static
