net_es_wifi.c:252:16:es_wifi_if_stop	0	static
net_es_wifi.c:313:16:es_wifi_socket	20	static
net_es_wifi.c:368:16:es_wifi_bind	12	static
net_es_wifi.c:1113:16:es_wifi_getsockopt	0	static
net_es_wifi.c:1118:16:es_wifi_getsockname	0	static
net_es_wifi.c:1175:17:es_wifi_scan	0	static
net_es_wifi.c:179:16:es_wifi_if_deinit	8	static
net_es_wifi.c:121:10:es_wifi_if_init	16	static
net_es_wifi.c:1160:9:es_wifi_ping	24	static
net_es_wifi.c:1128:16:es_wifi_gethostbyname	24	static
net_es_wifi.c:476:16:es_wifi_connect	32	static
net_es_wifi.c:438:16:es_wifi_accept	40	static
net_es_wifi.c:410:16:es_wifi_listen	32	static
net_es_wifi.c:300:16:es_wifi_if_disconnect	8	static
net_es_wifi.c:262:16:es_wifi_if_connect	16	static
net_es_wifi.c:565:16:es_wifi_shutdown	0	static
net_es_wifi.c:957:16:es_wifi_setsockopt	8	static
net_es_wifi.c:596:16:es_wifi_close	48	static
net_es_wifi.c:642:13:check_connection_lost	8	static
net_es_wifi.c:770:16:es_wifi_sendto	80	static
net_es_wifi.c:861:16:es_wifi_recvfrom	72	static
net_es_wifi.c:715:16:es_wifi_recv	32	static
net_es_wifi.c:668:16:es_wifi_send	32	static
net_es_wifi.c:193:9:es_wifi_if_start	16	static
net_es_wifi.c:1123:16:es_wifi_getpeername	0	static
net_es_wifi.c:110:9:es_wifi_driver	0	static
