stm32l4xx_hal_sram.c:232:13:HAL_SRAM_DMA_XferErrorCallback	0	static
stm32l4xx_hal_sram.c:216:13:HAL_SRAM_DMA_XferCpltCallback	0	static
stm32l4xx_hal_sram.c:184:13:HAL_SRAM_MspInit	0	static
stm32l4xx_hal_sram.c:125:19:HAL_SRAM_Init	16	static
stm32l4xx_hal_sram.c:200:13:HAL_SRAM_MspDeInit	0	static
stm32l4xx_hal_sram.c:162:20:HAL_SRAM_DeInit	8	static
stm32l4xx_hal_sram.c:269:19:HAL_SRAM_Read_8b	12	static
stm32l4xx_hal_sram.c:305:19:HAL_SRAM_Write_8b	12	static
stm32l4xx_hal_sram.c:347:19:HAL_SRAM_Read_16b	12	static
stm32l4xx_hal_sram.c:383:19:HAL_SRAM_Write_16b	12	static
stm32l4xx_hal_sram.c:425:19:HAL_SRAM_Read_32b	12	static
stm32l4xx_hal_sram.c:459:19:HAL_SRAM_Write_32b	12	static
stm32l4xx_hal_sram.c:499:19:HAL_SRAM_Read_DMA	16	static
stm32l4xx_hal_sram.c:532:19:HAL_SRAM_Write_DMA	16	static
stm32l4xx_hal_sram.c:587:19:HAL_SRAM_WriteOperation_Enable	16	static
stm32l4xx_hal_sram.c:610:19:HAL_SRAM_WriteOperation_Disable	8	static
stm32l4xx_hal_sram.c:655:23:HAL_SRAM_GetState	0	static
