stm32l4xx_hal_rng.c:271:13:HAL_RNG_MspInit	0	static
stm32l4xx_hal_rng.c:154:19:HAL_RNG_Init	8	static
stm32l4xx_hal_rng.c:286:13:HAL_RNG_MspDeInit	0	static
stm32l4xx_hal_rng.c:221:19:HAL_RNG_DeInit	8	static
stm32l4xx_hal_rng.c:552:19:HAL_RNG_GenerateRandomNumber	24	static
stm32l4xx_hal_rng.c:605:19:HAL_RNG_GenerateRandomNumber_IT	0	static
stm32l4xx_hal_rng.c:707:10:HAL_RNG_GetRandomNumber	8	static
stm32l4xx_hal_rng.c:726:10:HAL_RNG_GetRandomNumber_IT	0	static
stm32l4xx_hal_rng.c:753:10:HAL_RNG_ReadLastRandomNumber	0	static
stm32l4xx_hal_rng.c:764:13:HAL_RNG_ReadyDataCallback	0	static
stm32l4xx_hal_rng.c:780:13:HAL_RNG_ErrorCallback	0	static
stm32l4xx_hal_rng.c:654:6:HAL_RNG_IRQHandler	8	static
stm32l4xx_hal_rng.c:815:22:HAL_RNG_GetState	0	static
stm32l4xx_hal_rng.c:826:10:HAL_RNG_GetError	0	static
