stm32l4xx_it.c:40:6:NMI_Handler	0	static
stm32l4xx_it.c:49:6:HardFault_Handler	0	static
stm32l4xx_it.c:62:6:MemManage_Handler	0	static
stm32l4xx_it.c:73:6:BusFault_Handler	0	static
stm32l4xx_it.c:86:6:UsageFault_Handler	0	static
stm32l4xx_it.c:99:6:SVC_Handler	0	static
stm32l4xx_it.c:109:6:DebugMon_Handler	0	static
stm32l4xx_it.c:118:6:PendSV_Handler	0	static
stm32l4xx_it.c:127:6:SysTick_Handler	8	static
stm32l4xx_it.c:145:6:EXTI15_10_IRQHandler	0	static
stm32l4xx_it.c:151:6:EXTI1_IRQHandler	0	static
