vl53l0x_platform.c:42:5:_I2CWrite	16	static
vl53l0x_platform.c:52:5:_I2CRead	16	static
vl53l0x_platform.c:62:15:VL53L0X_RdByte	24	static
vl53l0x_platform.c:88:15:VL53L0X_WriteMulti	24	static
vl53l0x_platform.c:109:15:VL53L0X_ReadMulti	32	static
vl53l0x_platform.c:131:15:VL53L0X_RdWord	24	static
vl53l0x_platform.c:157:15:VL53L0X_RdDWord	24	static
vl53l0x_platform.c:182:15:VL53L0X_WrByte	8	static
vl53l0x_platform.c:199:15:VL53L0X_WrWord	8	static
vl53l0x_platform.c:217:15:VL53L0X_WrDWord	8	static
vl53l0x_platform.c:235:15:VL53L0X_UpdateByte	32	static
vl53l0x_platform.c:252:15:VL53L0X_PollingDelay	8	static
