iothubtransport_mqtt_common.c:1804:13:mqtt_disconnect_cb	0	static
iothubtransport_mqtt_common.c:1844:13:mqtt_error_callback	32	static
iothubtransport_mqtt_common.c:271:13:free_proxy_data	8	static
iothubtransport_mqtt_common.c:584:13:sendMsgComplete	24	static
iothubtransport_mqtt_common.c:1655:13:mqtt_operation_complete_callback	48	static
iothubtransport_mqtt_common.c:1236:12:setMqttMessagePropertyIfPossible	40	static
iothubtransport_mqtt_common.c:949:12:publish_device_twin_get_message	40	static
iothubtransport_mqtt_common.c:371:17:get_next_packet_id.isra.0	0	static
iothubtransport_mqtt_common.c:534:12:InternStrnicmp.part.1	12	static
iothubtransport_mqtt_common.c:1124:13:changeStateToSubscribeIfAllowed.isra.2	0	static
iothubtransport_mqtt_common.c:924:31:create_device_twin_get_message	24	static
iothubtransport_mqtt_common.c:1135:12:subscribeToNotifyStateIfNeeded	24	static
iothubtransport_mqtt_common.c:2079:12:GetTransportProviderIfNecessary.part.9	40	static
iothubtransport_mqtt_common.c:646:12:addSystemPropertyToTopicString	40	static
iothubtransport_mqtt_common.c:837:12:publish_mqtt_telemetry_msg	80	static
iothubtransport_mqtt_common.c:1984:13:RetrieveMessagePayload.constprop	32	static
iothubtransport_mqtt_common.c:1478:13:mqtt_notification_callback	80	static
iothubtransport_mqtt_common.c:301:13:free_transport_handle_data	8	static
iothubtransport_mqtt_common.c:1813:13:DisconnectFromClient.part.7	16	static
iothubtransport_mqtt_common.c:1813:13:DisconnectFromClient	0	static
iothubtransport_mqtt_common.c:104:1:MQTT_CLIENT_EVENT_ERRORStrings	0	static
iothubtransport_mqtt_common.c:104:1:MQTT_CLIENT_EVENT_ERROR_FromString	24	static
iothubtransport_mqtt_common.c:334:5:IoTHubTransport_MQTT_Common_SetRetryPolicy	24	static
iothubtransport_mqtt_common.c:2574:21:IoTHubTransport_MQTT_Common_Create	72	static
iothubtransport_mqtt_common.c:2659:6:IoTHubTransport_MQTT_Common_Destroy	24	static
iothubtransport_mqtt_common.c:2710:5:IoTHubTransport_MQTT_Common_Subscribe_DeviceTwin	24	static
iothubtransport_mqtt_common.c:2751:6:IoTHubTransport_MQTT_Common_Unsubscribe_DeviceTwin	24	static
iothubtransport_mqtt_common.c:2778:22:IoTHubTransport_MQTT_Common_GetTwinAsync	40	static
iothubtransport_mqtt_common.c:2822:5:IoTHubTransport_MQTT_Common_Subscribe_DeviceMethod	24	static
iothubtransport_mqtt_common.c:2868:6:IoTHubTransport_MQTT_Common_Unsubscribe_DeviceMethod	32	static
iothubtransport_mqtt_common.c:2899:5:IoTHubTransport_MQTT_Common_DeviceMethod_Response	40	static
iothubtransport_mqtt_common.c:2949:5:IoTHubTransport_MQTT_Common_Subscribe	24	static
iothubtransport_mqtt_common.c:2979:6:IoTHubTransport_MQTT_Common_Unsubscribe	32	static
iothubtransport_mqtt_common.c:3002:28:IoTHubTransport_MQTT_Common_ProcessItem	48	static
iothubtransport_mqtt_common.c:3069:6:IoTHubTransport_MQTT_Common_DoWork	104	static
iothubtransport_mqtt_common.c:3174:22:IoTHubTransport_MQTT_Common_GetSendStatus	24	static
iothubtransport_mqtt_common.c:3202:22:IoTHubTransport_MQTT_Common_SetOption	56	static
iothubtransport_mqtt_common.c:3398:21:IoTHubTransport_MQTT_Common_Register	32	static
iothubtransport_mqtt_common.c:3465:6:IoTHubTransport_MQTT_Common_Unregister	0	static
iothubtransport_mqtt_common.c:3476:15:IoTHubTransport_MQTT_Common_GetHostname	24	static
iothubtransport_mqtt_common.c:3493:22:IoTHubTransport_MQTT_Common_SendMessageDisposition	24	static
iothubtransport_mqtt_common.c:3523:5:IoTHubTransport_MQTT_Common_Subscribe_InputQueue	24	static
iothubtransport_mqtt_common.c:3556:6:IoTHubTransport_MQTT_Common_Unsubscribe_InputQueue	32	static
iothubtransport_mqtt_common.c:3579:5:IoTHubTransport_MQTT_SetCallbackContext	32	static
