iothub_message.c:70:13:DestroyDiagnosticPropertyData	8	static
iothub_message.c:80:13:DestroyMessageData	16	static
iothub_message.c:106:55:CloneDiagnosticPropertyData	24	static
iothub_message.c:56:12:ValidateAsciiCharactersFilter	0	static
iothub_message.c:12:1:IOTHUB_MESSAGE_RESULTStrings	0	static
iothub_message.c:12:1:IOTHUB_MESSAGE_RESULT_FromString	24	static
iothub_message.c:13:1:IOTHUBMESSAGE_CONTENT_TYPEStrings	0	static
iothub_message.c:13:1:IOTHUBMESSAGE_CONTENT_TYPE_FromString	24	static
iothub_message.c:142:23:IoTHubMessage_CreateFromByteArray	40	static
iothub_message.c:213:23:IoTHubMessage_CreateFromString	32	static
iothub_message.c:259:23:IoTHubMessage_Clone	24	static
iothub_message.c:382:23:IoTHubMessage_GetByteArray	48	static
iothub_message.c:416:13:IoTHubMessage_GetString	0	static
iothub_message.c:441:28:IoTHubMessage_GetContentType	0	static
iothub_message.c:458:12:IoTHubMessage_Properties	24	static
iothub_message.c:476:23:IoTHubMessage_SetProperty	48	static
iothub_message.c:499:13:IoTHubMessage_GetProperty	40	static
iothub_message.c:523:13:IoTHubMessage_GetCorrelationId	24	static
iothub_message.c:541:23:IoTHubMessage_SetCorrelationId	24	static
iothub_message.c:574:23:IoTHubMessage_SetMessageId	24	static
iothub_message.c:606:13:IoTHubMessage_GetMessageId	24	static
iothub_message.c:624:23:IoTHubMessage_SetContentTypeSystemProperty	32	static
iothub_message.c:661:13:IoTHubMessage_GetContentTypeSystemProperty	24	static
iothub_message.c:682:23:IoTHubMessage_SetContentEncodingSystemProperty	32	static
iothub_message.c:719:13:IoTHubMessage_GetContentEncodingSystemProperty	24	static
iothub_message.c:740:48:IoTHubMessage_GetDiagnosticPropertyData	24	static
iothub_message.c:757:23:IoTHubMessage_SetDiagnosticPropertyData	40	static
iothub_message.c:797:13:IoTHubMessage_GetOutputName	24	static
iothub_message.c:814:23:IoTHubMessage_SetOutputName	32	static
iothub_message.c:852:13:IoTHubMessage_GetInputName	24	static
iothub_message.c:869:23:IoTHubMessage_SetInputName	32	static
iothub_message.c:908:13:IoTHubMessage_GetConnectionModuleId	24	static
iothub_message.c:925:23:IoTHubMessage_SetConnectionModuleId	32	static
iothub_message.c:964:13:IoTHubMessage_GetConnectionDeviceId	24	static
iothub_message.c:981:23:IoTHubMessage_SetConnectionDeviceId	32	static
iothub_message.c:1019:6:IoTHubMessage_Destroy	0	static
