iothub_client_core_ll.c:716:12:IoTHubClientCore_LL_DeviceMethodComplete	40	static
iothub_client_core_ll.c:1138:13:delete_event	8	static
iothub_client_core_ll.c:1145:13:delete_event_callback	8	static
iothub_client_core_ll.c:325:13:is_event_equal_for_match	8	static
iothub_client_core_ll.c:330:13:device_twin_data_destroy	8	static
iothub_client_core_ll.c:465:22:make_product_info	16	static
iothub_client_core_ll.c:579:13:IoTHubClientCore_LL_ConnectionStatusCallBack	24	static
iothub_client_core_ll.c:518:13:IoTHubClientCore_LL_RetrievePropertyComplete	24	static
iothub_client_core_ll.c:1122:13:on_get_device_twin_completed	24	static
iothub_client_core_ll.c:600:20:IoTHubClientCore_LL_GetProductInfo	32	static
iothub_client_core_ll.c:693:13:IoTHubClientCore_LL_MessageCallback	32	static
iothub_client_core_ll.c:616:13:IoTHubClientCore_LL_MessageCallbackFromInput	40	static
iothub_client_core_ll.c:545:13:IoTHubClientCore_LL_ReportedStateComplete	32	static
iothub_client_core_ll.c:488:13:IoTHubClientCore_LL_SendComplete	32	static
iothub_client_core_ll.c:1152:13:delete_event_callback_list.isra.13	8	static
iothub_client_core_ll.c:43:1:IOTHUB_CLIENT_FILE_UPLOAD_RESULTStrings	0	static
iothub_client_core_ll.c:43:1:IOTHUB_CLIENT_FILE_UPLOAD_RESULT_FromString	16	static
iothub_client_core_ll.c:44:1:IOTHUB_CLIENT_RESULTStrings	0	static
iothub_client_core_ll.c:44:1:IOTHUB_CLIENT_RESULT_FromString	24	static
iothub_client_core_ll.c:45:1:IOTHUB_CLIENT_RETRY_POLICYStrings	0	static
iothub_client_core_ll.c:45:1:IOTHUB_CLIENT_RETRY_POLICY_FromString	24	static
iothub_client_core_ll.c:46:1:IOTHUB_CLIENT_STATUSStrings	0	static
iothub_client_core_ll.c:46:1:IOTHUB_CLIENT_STATUS_FromString	16	static
iothub_client_core_ll.c:47:1:IOTHUB_IDENTITY_TYPEStrings	0	static
iothub_client_core_ll.c:47:1:IOTHUB_IDENTITY_TYPE_FromString	24	static
iothub_client_core_ll.c:48:1:IOTHUB_PROCESS_ITEM_RESULTStrings	0	static
iothub_client_core_ll.c:48:1:IOTHUB_PROCESS_ITEM_RESULT_FromString	24	static
iothub_client_core_ll.c:49:1:IOTHUB_CLIENT_IOTHUB_METHOD_STATUSStrings	0	static
iothub_client_core_ll.c:49:1:IOTHUB_CLIENT_IOTHUB_METHOD_STATUS_FromString	16	static
iothub_client_core_ll.c:50:1:IOTHUB_CLIENT_CONFIRMATION_RESULTStrings	0	static
iothub_client_core_ll.c:50:1:IOTHUB_CLIENT_CONFIRMATION_RESULT_FromString	24	static
iothub_client_core_ll.c:51:1:IOTHUB_CLIENT_CONNECTION_STATUSStrings	0	static
iothub_client_core_ll.c:51:1:IOTHUB_CLIENT_CONNECTION_STATUS_FromString	16	static
iothub_client_core_ll.c:52:1:IOTHUB_CLIENT_CONNECTION_STATUS_REASONStrings	0	static
iothub_client_core_ll.c:52:1:IOTHUB_CLIENT_CONNECTION_STATUS_REASON_FromString	24	static
iothub_client_core_ll.c:53:1:TRANSPORT_TYPEStrings	0	static
iothub_client_core_ll.c:53:1:TRANSPORT_TYPE_FromString	16	static
iothub_client_core_ll.c:54:1:DEVICE_TWIN_UPDATE_STATEStrings	0	static
iothub_client_core_ll.c:54:1:DEVICE_TWIN_UPDATE_STATE_FromString	16	static
iothub_client_core_ll.c:65:1:CALLBACK_TYPEStrings	0	static
iothub_client_core_ll.c:65:1:CALLBACK_TYPE_FromString	24	static
iothub_client_core_ll.c:1684:6:IoTHubClientCore_LL_Destroy	16	static
iothub_client_core_ll.c:1769:22:IoTHubClientCore_LL_SendEventAsync	40	static
iothub_client_core_ll.c:1833:22:IoTHubClientCore_LL_SetMessageCallback	32	static
iothub_client_core_ll.c:1904:22:IoTHubClientCore_LL_SetMessageCallback_Ex	32	static
iothub_client_core_ll.c:1975:22:IoTHubClientCore_LL_SendMessageDisposition	32	static
iothub_client_core_ll.c:2027:6:IoTHubClientCore_LL_DoWork	56	static
iothub_client_core_ll.c:2074:22:IoTHubClientCore_LL_GetSendStatus	24	static
iothub_client_core_ll.c:2096:22:IoTHubClientCore_LL_SetConnectionStatusCallback	32	static
iothub_client_core_ll.c:2117:22:IoTHubClientCore_LL_SetRetryPolicy	40	static
iothub_client_core_ll.c:763:43:initialize_iothub_client	128	static
iothub_client_core_ll.c:1163:30:IoTHubClientCore_LL_CreateFromDeviceAuth	72	static
iothub_client_core_ll.c:1263:30:IoTHubClientCore_LL_CreateFromConnectionString	96	static
iothub_client_core_ll.c:1556:30:IoTHubClientCore_LL_CreateImpl	24	static
iothub_client_core_ll.c:1585:30:IoTHubClientCore_LL_Create	0	static
iothub_client_core_ll.c:1662:30:IoTHubClientCore_LL_CreateWithTransport	16	static
iothub_client_core_ll.c:2155:22:IoTHubClientCore_LL_GetRetryPolicy	48	static
iothub_client_core_ll.c:2177:22:IoTHubClientCore_LL_GetLastMessageReceiveTime	32	static
iothub_client_core_ll.c:2208:22:IoTHubClientCore_LL_SetOption	40	static
iothub_client_core_ll.c:2327:22:IoTHubClientCore_LL_SetDeviceTwinCallback	32	static
iothub_client_core_ll.c:2366:22:IoTHubClientCore_LL_SendReportedState	56	static
iothub_client_core_ll.c:2409:22:IoTHubClientCore_LL_GetTwinAsync	40	static
iothub_client_core_ll.c:2464:22:IoTHubClientCore_LL_SetDeviceMethodCallback	40	static
iothub_client_core_ll.c:2540:22:IoTHubClientCore_LL_SetDeviceMethodCallback_Ex	40	static
iothub_client_core_ll.c:2611:22:IoTHubClientCore_LL_DeviceMethodResponse	32	static
iothub_client_core_ll.c:2723:22:IoTHubClientCore_LL_SendEventToOutputAsync	48	static
iothub_client_core_ll.c:2889:22:IoTHubClientCore_LL_SetInputMessageCallbackImpl	56	static
iothub_client_core_ll.c:2930:22:IoTHubClientCore_LL_SetInputMessageCallbackEx	24	static
iothub_client_core_ll.c:2935:22:IoTHubClientCore_LL_SetInputMessageCallback	24	static
iothub_client_core_ll.c:2940:5:IoTHubClientCore_LL_GetTransportCallbacks	24	static
