schema.c:356:13:SchemaHandlesMatch	0	static
schema.c:361:13:SchemaNamespacesMatch	8	static
schema.c:770:13:reportedPropertyExists	8	static
schema.c:953:13:methodExists	8	static
schema.c:1442:13:matchModelMethod	0	static
schema.c:1148:13:methodFindArgumentByBame	8	static
schema.c:2366:13:matchModelName	8	static
schema.c:3062:13:modelInModelExists	0	static
schema.c:2729:13:desiredPropertyExists	8	static
schema.c:13:1:SCHEMA_RESULTStrings	0	static
schema.c:13:1:SCHEMA_RESULT_FromString	24	static
schema.c:368:15:Schema_Create	48	static
schema.c:423:8:Schema_GetSchemaCount	0	static
schema.c:430:15:Schema_GetSchemaByNamespace	8	static
schema.c:450:13:Schema_GetSchemaNamespace	0	static
schema.c:468:6:Schema_Destroy	48	static
schema.c:508:15:Schema_DestroyIfUnused	8	static
schema.c:551:15:Schema_AddDeviceRef	32	static
schema.c:570:15:Schema_ReleaseDeviceRef	32	static
schema.c:598:26:Schema_CreateModelType	48	static
schema.c:746:15:Schema_GetSchemaForModelType	0	static
schema.c:765:15:Schema_AddModelProperty	48	static
schema.c:776:15:Schema_AddModelReportedProperty	56	static
schema.c:853:22:Schema_CreateModelAction	48	static
schema.c:960:22:Schema_CreateModelMethod	48	static
schema.c:1038:15:Schema_AddModelActionArgument	48	static
schema.c:1156:15:Schema_AddModelMethodArgument	56	static
schema.c:1233:24:Schema_GetModelPropertyByName	40	static
schema.c:1274:15:Schema_GetModelPropertyCount	0	static
schema.c:1299:15:Schema_GetModelReportedPropertyCount	32	static
schema.c:1322:33:Schema_GetModelReportedPropertyByName	32	static
schema.c:1352:33:Schema_GetModelReportedPropertyByIndex	32	static
schema.c:1379:24:Schema_GetModelPropertyByIndex	24	static
schema.c:1401:22:Schema_GetModelActionByName	40	static
schema.c:1450:22:Schema_GetModelMethodByName	32	static
schema.c:1481:15:Schema_GetModelActionCount	32	static
schema.c:1507:22:Schema_GetModelActionByIndex	24	static
schema.c:1529:13:Schema_GetModelActionName	32	static
schema.c:1549:15:Schema_GetModelActionArgumentCount	32	static
schema.c:1575:15:Schema_GetModelMethodArgumentCount	32	static
schema.c:1598:31:Schema_GetModelActionArgumentByName	40	static
schema.c:1640:31:Schema_GetModelActionArgumentByIndex	24	static
schema.c:1661:31:Schema_GetModelMethodArgumentByIndex	32	static
schema.c:1690:13:Schema_GetActionArgumentName	32	static
schema.c:1708:13:Schema_GetMethodArgumentName	32	static
schema.c:1726:13:Schema_GetActionArgumentType	32	static
schema.c:1744:13:Schema_GetMethodArgumentType	32	static
schema.c:1762:27:Schema_CreateStructType	48	static
schema.c:1859:13:Schema_GetStructTypeName	32	static
schema.c:1878:15:Schema_GetStructTypeCount	32	static
schema.c:1902:27:Schema_GetStructTypeByName	40	static
schema.c:1943:27:Schema_GetStructTypeByIndex	24	static
schema.c:1966:15:Schema_AddStructTypeProperty	48	static
schema.c:2070:24:Schema_GetStructTypePropertyByName	40	static
schema.c:2111:15:Schema_GetStructTypePropertyCount	32	static
schema.c:2137:24:Schema_GetStructTypePropertyByIndex	24	static
schema.c:2159:13:Schema_GetPropertyName	32	static
schema.c:2180:13:Schema_GetPropertyType	32	static
schema.c:2201:15:Schema_GetModelCount	32	static
schema.c:2223:26:Schema_GetModelByName	40	static
schema.c:3207:13:SchemaHasModel	8	static
schema.c:2260:26:Schema_GetModelByIndex	24	static
schema.c:2284:13:Schema_GetModelName	0	static
schema.c:2300:15:Schema_AddModelModel	48	static
schema.c:2343:15:Schema_GetModelModelCount	32	static
schema.c:2373:26:Schema_GetModelModelByName	32	static
schema.c:2404:8:Schema_GetModelModelByName_Offset	32	static
schema.c:2437:21:Schema_GetModelModelByName_OnDesiredProperty	32	static
schema.c:2469:8:Schema_GetModelModelByIndex_Offset	32	static
schema.c:2497:26:Schema_GetModelModelyByIndex	24	static
schema.c:2526:13:Schema_GetModelModelPropertyNameByIndex	24	static
schema.c:2554:6:Schema_ModelPropertyByPathExists	56	static
schema.c:2645:6:Schema_ModelReportedPropertyByPathExists	56	static
schema.c:2735:15:Schema_AddModelDesiredProperty	88	static
schema.c:2825:15:Schema_GetModelDesiredPropertyCount	32	static
schema.c:2848:32:Schema_GetModelDesiredPropertyByName	32	static
schema.c:2880:32:Schema_GetModelDesiredPropertyByIndex	32	static
schema.c:2908:6:Schema_ModelDesiredPropertyByPathExists	56	static
schema.c:2992:13:Schema_GetModelDesiredPropertyType	32	static
schema.c:3010:38:Schema_GetModelDesiredProperty_pfDesiredPropertyFromAGENT_DATA_TYPE	32	static
schema.c:3026:21:Schema_GetModelDesiredProperty_pfOnDesiredProperty	32	static
schema.c:3044:8:Schema_GetModelDesiredProperty_offset	32	static
schema.c:3068:22:Schema_GetModelElementByName	48	static
schema.c:3171:31:Schema_GetModelDesiredProperty_pfDesiredPropertyDeinitialize	32	static
schema.c:3189:29:Schema_GetModelDesiredProperty_pfDesiredPropertyInitialize	32	static
schema.c:3213:15:Schema_GetSchemaForModel	32	static
schema.c:3243:7:Schema_GetMetadata	32	static
