cipher.c:90:12:mbedtls_cipher_list	12	static
cipher.c:111:30:mbedtls_cipher_info_from_type	0	static
cipher.c:122:30:mbedtls_cipher_info_from_string	16	static
cipher.c:136:30:mbedtls_cipher_info_from_values	12	static
cipher.c:151:6:mbedtls_cipher_init	0	static
cipher.c:156:6:mbedtls_cipher_free	8	static
cipher.c:176:5:mbedtls_cipher_setup	16	static
cipher.c:202:5:mbedtls_cipher_setkey	8	static
cipher.c:236:5:mbedtls_cipher_set_iv	16	static
cipher.c:284:5:mbedtls_cipher_reset	0	static
cipher.c:295:5:mbedtls_cipher_update_ad	16	static
cipher.c:334:5:mbedtls_cipher_update	16	static
cipher.c:745:5:mbedtls_cipher_finish	8	static
cipher.c:881:5:mbedtls_cipher_write_tag	4	static
cipher.c:910:5:mbedtls_cipher_check_tag	32	static
cipher.c:971:5:mbedtls_cipher_crypt	40	static
cipher.c:1000:5:mbedtls_cipher_auth_encrypt	28	static
cipher.c:1047:5:mbedtls_cipher_auth_decrypt	40	static
