rsa.c:1026:12:mgf_mask	120	static
rsa.c:1811:12:rsa_rsassa_pkcs1_v15_encode	40	static
rsa.c:2405:12:myrand	16	static
rsa.c:152:12:rsa_check_context.isra.0	24	static
rsa.c:90:5:mbedtls_rsa_import	32	static
rsa.c:112:5:mbedtls_rsa_import_raw	32	static
rsa.c:240:5:mbedtls_rsa_complete	56	static
rsa.c:331:5:mbedtls_rsa_export_raw	56	static
rsa.c:377:5:mbedtls_rsa_export	32	static
rsa.c:420:5:mbedtls_rsa_export_crt	24	static
rsa.c:458:6:mbedtls_rsa_init	16	static
rsa.c:474:6:mbedtls_rsa_set_padding	0	static
rsa.c:484:8:mbedtls_rsa_get_len	0	static
rsa.c:613:5:mbedtls_rsa_check_pubkey	16	static
rsa.c:636:5:mbedtls_rsa_check_privkey	40	static
rsa.c:664:5:mbedtls_rsa_check_pub_priv	16	static
rsa.c:685:5:mbedtls_rsa_public	48	static
rsa.c:793:5:mbedtls_rsa_private	176	static
rsa.c:1078:5:mbedtls_rsa_rsaes_oaep_encrypt	80	static
rsa.c:1159:5:mbedtls_rsa_rsaes_pkcs1_v15_encrypt	48	static
rsa.c:1225:5:mbedtls_rsa_pkcs1_encrypt	48	static
rsa.c:1255:5:mbedtls_rsa_rsaes_oaep_decrypt	648	static
rsa.c:1484:5:mbedtls_rsa_rsaes_pkcs1_v15_decrypt	552	static
rsa.c:1642:5:mbedtls_rsa_pkcs1_decrypt	48	static
rsa.c:1674:5:mbedtls_rsa_rsassa_pss_sign	160	static
rsa.c:1926:5:mbedtls_rsa_rsassa_pkcs1_v15_sign	40	static
rsa.c:1998:5:mbedtls_rsa_pkcs1_sign	8	static
rsa.c:2030:5:mbedtls_rsa_rsassa_pss_verify_ext	656	static
rsa.c:2172:5:mbedtls_rsa_rsassa_pss_verify	40	static
rsa.c:2197:5:mbedtls_rsa_rsassa_pkcs1_v15_verify	48	static
rsa.c:2270:5:mbedtls_rsa_pkcs1_verify	8	static
rsa.c:2341:6:mbedtls_rsa_free	8	static
rsa.c:2301:5:mbedtls_rsa_copy	16	static
rsa.c:2429:5:mbedtls_rsa_self_test	424	static
