ssl_tls.c:6768:13:ssl_update_out_pointers	0	static
ssl_tls.c:6206:13:ssl_calc_finished_tls_sha256	192	static
ssl_tls.c:1199:6:ssl_calc_verify_tls_sha256	144	static
ssl_tls.c:493:12:tls_prf_generic	256	static
ssl_tls.c:557:12:tls_prf_sha256	24	static
ssl_tls.c:568:12:tls_prf_sha384	24	static
ssl_tls.c:6255:13:ssl_calc_finished_tls_sha384	312	static
ssl_tls.c:1220:6:ssl_calc_verify_tls_sha384	248	static
ssl_tls.c:7232:12:ssl_append_key_cert	16	static
ssl_tls.c:6044:13:ssl_update_checksum_sha256	0	static
ssl_tls.c:6052:13:ssl_update_checksum_sha384	0	static
ssl_tls.c:6014:13:ssl_update_checksum_start	16	static
ssl_tls.c:76:13:ssl_set_timer	24	static
ssl_tls.c:6844:13:ssl_reset_in_out_pointers	8	static
ssl_tls.c:610:5:mbedtls_ssl_derive_keys	392	static
ssl_tls.c:2530:5:mbedtls_ssl_fetch_input	56	static
ssl_tls.c:2749:5:mbedtls_ssl_flush_output	40	static
ssl_tls.c:3334:5:mbedtls_ssl_write_record	112	static
ssl_tls.c:3177:5:mbedtls_ssl_write_handshake_msg	32	static
ssl_tls.c:3610:5:mbedtls_ssl_prepare_handshake_record	32	static
ssl_tls.c:3702:6:mbedtls_ssl_update_handshake_status	4	static
ssl_tls.c:5106:5:mbedtls_ssl_handle_message_type	32	static
ssl_tls.c:5238:5:mbedtls_ssl_send_alert_message	40	static
ssl_tls.c:5224:5:mbedtls_ssl_send_fatal_handshake_failure	0	static
ssl_tls.c:4303:5:mbedtls_ssl_read_record	112	static
ssl_tls.c:5319:5:mbedtls_ssl_write_certificate	40	static
ssl_tls.c:5872:5:mbedtls_ssl_write_change_cipher_spec	24	static
ssl_tls.c:5895:5:mbedtls_ssl_parse_change_cipher_spec	24	static
ssl_tls.c:5968:6:mbedtls_ssl_optimize_checksum	0	static
ssl_tls.c:5997:6:mbedtls_ssl_reset_checksum	8	static
ssl_tls.c:6391:5:mbedtls_ssl_write_finished	24	static
ssl_tls.c:6515:5:mbedtls_ssl_parse_finished	48	static
ssl_tls.c:6657:6:mbedtls_ssl_session_init	0	static
ssl_tls.c:6835:6:mbedtls_ssl_init	0	static
ssl_tls.c:7060:6:mbedtls_ssl_conf_endpoint	0	static
ssl_tls.c:7065:6:mbedtls_ssl_conf_transport	0	static
ssl_tls.c:7100:6:mbedtls_ssl_conf_authmode	0	static
ssl_tls.c:7106:6:mbedtls_ssl_conf_verify	0	static
ssl_tls.c:7115:6:mbedtls_ssl_conf_rng	0	static
ssl_tls.c:7123:6:mbedtls_ssl_conf_dbg	0	static
ssl_tls.c:7131:6:mbedtls_ssl_set_bio	0	static
ssl_tls.c:7150:6:mbedtls_ssl_conf_read_timeout	0	static
ssl_tls.c:7155:6:mbedtls_ssl_set_timer_cb	4	static
ssl_tls.c:7202:6:mbedtls_ssl_conf_ciphersuites	0	static
ssl_tls.c:7211:6:mbedtls_ssl_conf_ciphersuites_for_version	0	static
ssl_tls.c:7225:6:mbedtls_ssl_conf_cert_profile	0	static
ssl_tls.c:7262:5:mbedtls_ssl_conf_own_cert	0	static
ssl_tls.c:7269:6:mbedtls_ssl_conf_ca_chain	0	static
ssl_tls.c:7279:5:mbedtls_ssl_set_hs_own_cert	0	static
ssl_tls.c:7287:6:mbedtls_ssl_set_hs_ca_chain	0	static
ssl_tls.c:7295:6:mbedtls_ssl_set_hs_authmode	0	static
ssl_tls.c:7483:6:mbedtls_ssl_conf_sig_hashes	0	static
ssl_tls.c:7494:6:mbedtls_ssl_conf_curves	0	static
ssl_tls.c:7502:5:mbedtls_ssl_set_hostname	24	static
ssl_tls.c:7548:6:mbedtls_ssl_conf_sni	0	static
ssl_tls.c:7559:5:mbedtls_ssl_conf_alpn_protocols	24	static
ssl_tls.c:7584:13:mbedtls_ssl_get_alpn_protocol	0	static
ssl_tls.c:7590:6:mbedtls_ssl_conf_max_version	0	static
ssl_tls.c:7596:6:mbedtls_ssl_conf_min_version	0	static
ssl_tls.c:7625:6:mbedtls_ssl_conf_extended_master_secret	0	static
ssl_tls.c:7654:6:mbedtls_ssl_conf_truncated_hmac	0	static
ssl_tls.c:7667:6:mbedtls_ssl_conf_legacy_renegotiation	0	static
ssl_tls.c:7673:6:mbedtls_ssl_conf_renegotiation	0	static
ssl_tls.c:7678:6:mbedtls_ssl_conf_renegotiation_enforced	0	static
ssl_tls.c:7683:6:mbedtls_ssl_conf_renegotiation_period	0	static
ssl_tls.c:7692:6:mbedtls_ssl_conf_session_tickets	0	static
ssl_tls.c:7761:8:mbedtls_ssl_get_bytes_avail	0	static
ssl_tls.c:7766:5:mbedtls_ssl_check_pending	24	static
ssl_tls.c:7821:10:mbedtls_ssl_get_verify_result	0	static
ssl_tls.c:7832:13:mbedtls_ssl_get_ciphersuite	0	static
ssl_tls.c:7840:13:mbedtls_ssl_get_version	0	static
ssl_tls.c:7878:5:mbedtls_ssl_get_record_expansion	16	static
ssl_tls.c:7979:5:mbedtls_ssl_get_max_out_record_payload	0	static
ssl_tls.c:8025:25:mbedtls_ssl_get_peer_cert	0	static
ssl_tls.c:8052:5:mbedtls_ssl_handshake_step	0	static
ssl_tls.c:8074:5:mbedtls_ssl_handshake	24	static
ssl_tls.c:8715:5:mbedtls_ssl_close_notify	24	static
ssl_tls.c:8743:6:mbedtls_ssl_transform_free	8	static
ssl_tls.c:8812:6:mbedtls_ssl_handshake_free	16	static
ssl_tls.c:8903:6:mbedtls_ssl_session_free	8	static
ssl_tls.c:6329:6:mbedtls_ssl_handshake_wrapup	24	static
ssl_tls.c:274:12:ssl_session_copy	16	static
ssl_tls.c:7181:5:mbedtls_ssl_set_session	8	static
ssl_tls.c:8035:5:mbedtls_ssl_get_session	0	static
ssl_tls.c:6662:12:ssl_handshake_init	24	static
ssl_tls.c:6865:5:mbedtls_ssl_setup	24	static
ssl_tls.c:8132:12:ssl_start_renegotiation	24	static
ssl_tls.c:8172:5:mbedtls_ssl_renegotiate	24	static
ssl_tls.c:8228:12:ssl_check_ctr_renegotiate	24	static
ssl_tls.c:8675:5:mbedtls_ssl_write	32	static
ssl_tls.c:8259:5:mbedtls_ssl_read	40	static
ssl_tls.c:7052:5:mbedtls_ssl_session_reset	16	static
ssl_tls.c:8926:6:mbedtls_ssl_free	24	static
ssl_tls.c:9005:6:mbedtls_ssl_config_init	0	static
ssl_tls.c:9052:5:mbedtls_ssl_config_defaults	8	static
ssl_tls.c:9216:6:mbedtls_ssl_config_free	16	static
ssl_tls.c:9253:15:mbedtls_ssl_sig_from_pk	8	static
ssl_tls.c:9266:15:mbedtls_ssl_sig_from_pk_alg	0	static
ssl_tls.c:9279:19:mbedtls_ssl_pk_alg_from_sig	0	static
ssl_tls.c:9301:19:mbedtls_ssl_sig_hash_set_find	0	static
ssl_tls.c:9316:6:mbedtls_ssl_sig_hash_set_add	0	static
ssl_tls.c:9338:6:mbedtls_ssl_sig_hash_set_const_hash	0	static
ssl_tls.c:9351:19:mbedtls_ssl_md_alg_from_hash	0	static
ssl_tls.c:9383:15:mbedtls_ssl_hash_from_md_alg	0	static
ssl_tls.c:9417:5:mbedtls_ssl_check_curve	0	static
ssl_tls.c:9437:5:mbedtls_ssl_check_sig_hash	0	static
ssl_tls.c:9454:5:mbedtls_ssl_check_cert_usage	24	static
ssl_tls.c:5638:5:mbedtls_ssl_parse_certificate	56	static
ssl_tls.c:9553:6:mbedtls_ssl_write_version	0	static
ssl_tls.c:9575:6:mbedtls_ssl_read_version	0	static
ssl_tls.c:9597:5:mbedtls_ssl_set_calc_verify_md	0	static
ssl_tls.c:9727:5:mbedtls_ssl_get_key_exchange_md_tls1_2	48	static
