RiotDerEnc.c:79:1:EncodeInt	0	static
RiotDerEnc.c:105:1:DERInitContext	8	static
RiotDerEnc.c:129:1:DERGetEncodedLength	0	static
RiotDerEnc.c:138:1:DERAddOID	32	static
RiotDerEnc.c:211:1:DERAddUTF8String	16	static
RiotDerEnc.c:233:1:DERAddPrintableString	16	static
RiotDerEnc.c:255:1:DERAddUTCTime	16	static
RiotDerEnc.c:278:1:DERAddIntegerFromArray	20	static
RiotDerEnc.c:319:1:DERAddInteger	16	static
RiotDerEnc.c:330:1:DERAddShortExplicitInteger	24	static
RiotDerEnc.c:348:1:DERAddBoolean	12	static
RiotDerEnc.c:367:1:DERAddBitString	24	static
RiotDerEnc.c:388:1:DERAddOctetString	16	static
RiotDerEnc.c:407:1:DERStartSequenceOrSet	8	static
RiotDerEnc.c:428:1:DERStartExplicit	8	static
RiotDerEnc.c:443:1:DERStartEnvelopingOctetString	0	static
RiotDerEnc.c:458:1:DERStartEnvelopingBitString	0	static
RiotDerEnc.c:479:1:DERPopNesting	24	static
RiotDerEnc.c:511:1:DERTbsToCert	16	static
RiotDerEnc.c:542:1:DERGetNestingDepth	0	static
RiotDerEnc.c:566:1:DERtoPEM	40	static
