RiotEcc.c:301:1:mpy_accum	28	static
RiotEcc.c:319:1:mpy_accum_dbl	28	static
RiotEcc.c:809:1:big_add	28	static
RiotEcc.c:834:1:big_sub	28	static
RiotEcc.c:939:1:big_halve	8	static
RiotEcc.c:978:1:big_is_zero	0	static
RiotEcc.c:1093:1:toJacobian	24	static
RiotEcc.c:759:1:big_adjustP.part.0	32	static
RiotEcc.c:759:1:big_adjustP	8	static
RiotEcc.c:826:1:big_addP	8	static
RiotEcc.c:383:1:big_mpyP	272	static
RiotEcc.c:853:1:big_subP	8	static
RiotEcc.c:864:1:big_cmp	8	static
RiotEcc.c:890:1:big_precise_reduce	80	static
RiotEcc.c:1125:1:pointDouble	248	static
RiotEcc.c:1179:1:pointAdd	216	static
RiotEcc.c:1019:1:big_divide	168	static
RiotEcc.c:1102:1:toAffine	96	static
RiotEcc.c:1269:1:pointMpyP	304	static
RiotEcc.c:1518:1:ECDSA_verify_inner	616	static
RiotEcc.c:1348:1:on_curveP.part.3	96	static
RiotEcc.c:1393:1:ECDH_generate	24	static
RiotEcc.c:1410:1:ECDH_derive	96	static
RiotEcc.c:1575:1:ECDSA_verify	8	static
RiotEcc.c:1596:1:BigIntToBigVal	16	static
RiotEcc.c:1625:1:BigValToBigInt	12	static
RiotEcc.c:1699:1:RIOT_GenerateDHKeyPair	8	static
RiotEcc.c:1719:1:RIOT_GenerateShareSecret	16	static
RiotEcc.c:1746:1:RIOT_GenerateDSAKeyPair	0	static
RiotEcc.c:1765:1:RIOT_DeriveDsaKeyPair	16	static
RiotEcc.c:1780:1:RIOT_DSASignDigest	208	static
RiotEcc.c:1800:1:RIOT_DSASign	48	static
RiotEcc.c:1819:1:RIOT_DSAVerifyDigest	56	static
RiotEcc.c:1841:1:RIOT_DSAVerify	48	static
