es_wifi.c:118:16:ParseNumber	20	static
es_wifi.c:148:13:ParseMAC	20	static
es_wifi.c:168:14:ParseIP	32	static
es_wifi.c:691:25:AT_ExecuteCommand	16	static
es_wifi.c:741:25:AT_RequestSendData	32	static
es_wifi.c:804:25:AT_RequestReceiveData	32	static
es_wifi.c:187:31:ParseSecurity	8	static
es_wifi.c:861:19:ES_WIFI_Init	32	static
es_wifi.c:888:19:ES_WIFI_GetProductID	8	static
es_wifi.c:900:19:ES_WIFI_GetFWRevID	8	static
es_wifi.c:912:19:ES_WIFI_GetProductName	8	static
es_wifi.c:924:19:ES_WIFI_GetAPIRev	8	static
es_wifi.c:936:19:ES_WIFI_GetStackRev	8	static
es_wifi.c:948:19:ES_WIFI_GetRTOSRev	8	static
es_wifi.c:960:19:ES_WIFI_RegisterBusIO	12	static
es_wifi.c:986:19:ES_WIFI_SetTimeout	0	static
es_wifi.c:998:19:ES_WIFI_ListAccessPoints	56	static
es_wifi.c:1080:18:ES_WIFI_Connect	24	static
es_wifi.c:1119:9:ES_WIFI_IsConnected	8	static
es_wifi.c:1138:18:ES_WIFI_Disconnect	8	static
es_wifi.c:1153:18:ES_WIFI_GetNetworkSettings	32	static
es_wifi.c:1178:18:ES_WIFI_ActivateAP	16	static
es_wifi.c:1232:19:ES_WIFI_WaitAPStateChange	32	static
es_wifi.c:1300:18:ES_WIFI_GetMACAddress	16	static
es_wifi.c:1323:18:ES_WIFI_GetIPAddress	0	static
es_wifi.c:1335:18:ES_WIFI_SetMACAddress	32	static
es_wifi.c:1356:18:ES_WIFI_ResetToFactoryDefault	8	static
es_wifi.c:1371:18:ES_WIFI_ResetModule	16	static
es_wifi.c:1395:18:ES_WIFI_HardResetModule	8	static
es_wifi.c:1410:18:ES_WIFI_SetProductName	16	static
es_wifi.c:1495:18:ES_WIFI_GetSystemConfig	24	static
es_wifi.c:1517:18:ES_WIFI_Ping	40	static
es_wifi.c:1560:18:ES_WIFI_DNS_LookUp	16	static
es_wifi.c:1585:18:ES_WIFI_StartClientConnection	24	static
es_wifi.c:1643:18:ES_WIFI_StopClientConnection	16	static
es_wifi.c:1731:18:ES_WIFI_StartServerSingleConn	16	static
es_wifi.c:1797:19:ES_WIFI_WaitServerConnection	40	static
es_wifi.c:1887:18:ES_WIFI_CloseServerConnection	16	static
es_wifi.c:1918:18:ES_WIFI_StopServerSingleConn	16	static
es_wifi.c:1951:18:ES_WIFI_StartServerMultiConn	16	static
es_wifi.c:2012:18:ES_WIFI_StopServerMultiConn	32	static
es_wifi.c:2072:18:ES_WIFI_SendData	40	static
es_wifi.c:2134:19:ES_WIFI_SendDataTo	48	static
es_wifi.c:2232:18:ES_WIFI_ReceiveData	48	static
es_wifi.c:2293:19:ES_WIFI_ReceiveDataFrom	64	static
es_wifi.c:2384:19:ES_WIFI_StoreCreds	56	static
es_wifi.c:2422:19:ES_WIFI_StoreCA	24	static
es_wifi.c:2446:19:ES_WIFI_StoreCertificate	24	static
es_wifi.c:2470:19:ES_WIFI_StoreKey	24	static
