net_core.c:80:18:net_if_find	0	static
net_core.c:104:18:netif_check	8	static
net_core.c:135:9:net_if_wait_state	0	static
net_core.c:150:6:net_if_notify	24	static
net_core.c:196:9:net_if_init	16	static
net_core.c:233:9:net_if_deinit	8	static
net_core.c:273:9:net_if_start	8	static
net_core.c:308:9:net_if_stop	8	static
net_core.c:344:9:net_if_connect	8	static
net_core.c:380:9:net_if_disconnect	8	static
net_core.c:411:9:net_if_getState	8	static
net_core.c:438:9:net_if_powersave_enable	8	static
net_core.c:474:9:net_if_get_mac_address	8	static
net_core.c:506:9:net_if_get_ip_address	8	static
net_core.c:540:9:net_if_gethostbyname	16	static
net_core.c:560:9:net_if_ping	24	static
net_core.c:577:9:net_if_set_dhcp_mode	8	static
net_core.c:597:9:net_if_set_ipaddr	16	static
