prov_transport_mqtt_common.c:126:13:mqtt_error_callback	32	static
prov_transport_mqtt_common.c:184:13:mqtt_operation_complete_callback	40	static
prov_transport_mqtt_common.c:273:13:mqtt_notification_callback	32	static
prov_transport_mqtt_common.c:464:12:create_transport_io_object	24	static
prov_transport_mqtt_common.c:349:12:send_mqtt_message	24	static
prov_transport_mqtt_common.c:635:6:cleanup_mqtt_data	8	static
prov_transport_mqtt_common.c:657:30:prov_transport_common_mqtt_create	56	static
prov_transport_mqtt_common.c:725:6:prov_transport_common_mqtt_destroy	8	static
prov_transport_mqtt_common.c:738:5:prov_transport_common_mqtt_open	56	static
prov_transport_mqtt_common.c:783:5:prov_transport_common_mqtt_close	32	static
prov_transport_mqtt_common.c:817:5:prov_transport_common_mqtt_register_device	32	static
prov_transport_mqtt_common.c:850:5:prov_transport_common_mqtt_get_operation_status	32	static
prov_transport_mqtt_common.c:884:6:prov_transport_common_mqtt_dowork	72	static
prov_transport_mqtt_common.c:1044:5:prov_transport_common_mqtt_set_trace	32	static
prov_transport_mqtt_common.c:1068:5:prov_transport_common_mqtt_x509_cert	40	static
prov_transport_mqtt_common.c:1116:5:prov_transport_common_mqtt_set_trusted_cert	32	static
prov_transport_mqtt_common.c:1151:5:prov_transport_common_mqtt_set_proxy	32	static
prov_transport_mqtt_common.c:1232:5:prov_transport_common_mqtt_set_option	40	static
