http_lib.c:61:5:http_url_parse	32	static
http_lib.c:138:5:http_create_session	32	static
http_lib.c:175:5:http_connect	40	static
http_lib.c:211:5:http_close	16	static
http_lib.c:236:5:http_sock_setopt	16	static
http_lib.c:243:5:http_create_request	8	static
http_lib.c:335:5:http_send	0	static
http_lib.c:350:5:http_recv	8	static
http_lib.c:655:5:http_delete	32	static
http_lib.c:716:6:http_is_open	0	static
http_lib.c:733:11:http_find_body	8	static
http_lib.c:281:5:http_add_header	40	static
http_lib.c:312:5:http_add_body	32	static
http_lib.c:763:10:http_response_status	16	static
http_lib.c:789:5:http_response_validate	8	static
http_lib.c:801:11:http_find_headers	0	static
http_lib.c:827:7:http_find_header	24	static
http_lib.c:855:10:http_content_length	8	static
http_lib.c:366:5:http_recv_response	48	static
http_lib.c:424:5:http_get	48	static
http_lib.c:521:5:http_post	56	static
http_lib.c:594:5:http_put	48	static
http_lib.c:867:5:http_content_range	40	static
