serializer.h:899:32:FromAGENT_DATA_TYPE_int	0	static
AzureXcubeSample.c:177:1:DesiredPropertyInitialize_SerializableIotSampleDev_tDesiredTelemetryInterval	0	static
AzureXcubeSample.c:177:1:DesiredPropertyDeinitialize_SerializableIotSampleDev_tDesiredTelemetryInterval	0	static
AzureXcubeSample.c:653:6:deviceTwinReportedStateCallback	0	static
AzureXcubeSample.c:808:13:DPSRegistrationStatusCallBack	0	static
AzureXcubeSample.c:661:13:SendConfirmationCallback	8	static
AzureXcubeSample.c:177:1:Create_AGENT_DATA_TYPE_From_Ptr_SerializableIotSampleDev_tproximity	8	static
AzureXcubeSample.c:177:1:Create_AGENT_DATA_TYPE_From_Ptr_SerializableIotSampleDev_tdevContext	0	static
AzureXcubeSample.c:177:1:Create_AGENT_DATA_TYPE_From_Ptr_SerializableIotSampleDev_tTelemetryInterval	0	static
AzureXcubeSample.c:177:1:Create_AGENT_DATA_TYPE_From_Ptr_SerializableIotSampleDev_tLedStatusOn	8	static
AzureXcubeSample.c:177:1:Create_AGENT_DATA_TYPE_From_Ptr_SerializableIotSampleDev_tts	120	static
AzureXcubeSample.c:177:1:Create_AGENT_DATA_TYPE_From_Ptr_SerializableIotSampleDev_ttemp	8	static
AzureXcubeSample.c:177:1:Create_AGENT_DATA_TYPE_From_Ptr_SerializableIotSampleDev_thumidity	0	static
AzureXcubeSample.c:177:1:Create_AGENT_DATA_TYPE_From_Ptr_SerializableIotSampleDev_tpressure	0	static
AzureXcubeSample.c:177:1:Create_AGENT_DATA_TYPE_From_Ptr_SerializableIotSampleDev_taccelerometerX	0	static
AzureXcubeSample.c:177:1:Create_AGENT_DATA_TYPE_From_Ptr_SerializableIotSampleDev_taccelerometerY	0	static
AzureXcubeSample.c:177:1:Create_AGENT_DATA_TYPE_From_Ptr_SerializableIotSampleDev_taccelerometerZ	0	static
AzureXcubeSample.c:177:1:Create_AGENT_DATA_TYPE_From_Ptr_SerializableIotSampleDev_tgyroscopeX	0	static
AzureXcubeSample.c:177:1:Create_AGENT_DATA_TYPE_From_Ptr_SerializableIotSampleDev_tgyroscopeY	0	static
AzureXcubeSample.c:177:1:Create_AGENT_DATA_TYPE_From_Ptr_SerializableIotSampleDev_tgyroscopeZ	0	static
AzureXcubeSample.c:177:1:Create_AGENT_DATA_TYPE_From_Ptr_SerializableIotSampleDev_tmagnetometerX	0	static
AzureXcubeSample.c:177:1:Create_AGENT_DATA_TYPE_From_Ptr_SerializableIotSampleDev_tmagnetometerY	0	static
AzureXcubeSample.c:177:1:Create_AGENT_DATA_TYPE_From_Ptr_SerializableIotSampleDev_tmagnetometerZ	0	static
AzureXcubeSample.c:177:1:Create_AGENT_DATA_TYPE_From_Ptr_SerializableIotSampleDev_tdeviceId	8	static
AzureXcubeSample.c:177:1:Create_AGENT_DATA_TYPE_From_Ptr_SerializableIotSampleDev_tmac	0	static
AzureXcubeSample.c:433:13:DeviceTwinCallback	72	static
AzureXcubeSample.c:614:41:MessageCallback	32	static
AzureXcubeSample.c:369:12:DeviceMethodCallback	32	static
AzureXcubeSample.c:675:6:setDeviceRegistrationMethod	16	static
AzureXcubeSample.c:820:13:IOTHubDPSRegisterDeviceCallBack	16	static
AzureXcubeSample.c:79:1:PROV_DEVICE_REG_STATUSStrings	0	static
AzureXcubeSample.c:79:1:PROV_DEVICE_REG_STATUS_FromString	24	static
AzureXcubeSample.c:177:1:FromAGENT_DATA_TYPE_SerializableIotSampleDev_t	16	static
AzureXcubeSample.c:258:5:cloud_device_enter_credentials	448	static
AzureXcubeSample.c:295:6:app_needs_root_ca	0	static
AzureXcubeSample.c:301:6:app_needs_device_keypair	0	static
AzureXcubeSample.c:314:6:app_needs_iot_config	0	static
AzureXcubeSample.c:319:24:LedToggle	32	static
AzureXcubeSample.c:177:1:LedToggleWRAPPER	0	static
AzureXcubeSample.c:348:21:Reboot	8	static
AzureXcubeSample.c:177:1:RebootWRAPPER	32	static
AzureXcubeSample.c:358:21:Hello	16	static
AzureXcubeSample.c:177:1:HelloWRAPPER	40	static
AzureXcubeSample.c:1769:5:device_model_create	16	static
AzureXcubeSample.c:1848:5:device_model_destroy	8	static
AzureXcubeSample.c:1869:9:comp_left_ms	0	static
AzureXcubeSample.c:1170:6:cloud_run	336	static
