tlsio_mbedtls.c:100:13:indicate_open_complete	0	static
tlsio_mbedtls.c:589:5:tlsio_mbedtls_close	32	static
tlsio_mbedtls.c:543:5:tlsio_mbedtls_open	40	static
tlsio_mbedtls.c:671:6:tlsio_mbedtls_dowork	80	static
tlsio_mbedtls.c:685:14:tlsio_mbedtls_CloneOption	48	static
tlsio_mbedtls.c:799:5:tlsio_mbedtls_setoption	32	static
tlsio_mbedtls.c:920:22:tlsio_mbedtls_retrieveoptions	40	static
tlsio_mbedtls.c:87:13:indicate_error	0	static
tlsio_mbedtls.c:229:13:on_underlying_io_close_complete_during_close	24	static
tlsio_mbedtls.c:248:12:on_io_recv	32	static
tlsio_mbedtls.c:328:12:on_io_send	24	static
tlsio_mbedtls.c:196:13:on_underlying_io_error	24	static
tlsio_mbedtls.c:503:6:tlsio_mbedtls_destroy	24	static
tlsio_mbedtls.c:129:13:on_underlying_io_open_complete	24	static
tlsio_mbedtls.c:635:5:tlsio_mbedtls_send	48	static
tlsio_mbedtls.c:769:13:tlsio_mbedtls_DestroyOption	32	static
tlsio_mbedtls.c:170:13:on_underlying_io_bytes_received	24	static
tlsio_mbedtls.c:430:20:tlsio_mbedtls_create	48	static
tlsio_mbedtls.c:994:33:tlsio_mbedtls_get_interface_description	0	static
