lsm6dsl_reg.c:60:9:lsm6dsl_read_reg	4	static
lsm6dsl_reg.c:77:9:lsm6dsl_write_reg	4	static
lsm6dsl_reg.c:106:9:lsm6dsl_xl_full_scale_set	24	static
lsm6dsl_reg.c:126:9:lsm6dsl_xl_full_scale_get	16	static
lsm6dsl_reg.c:160:9:lsm6dsl_xl_data_rate_set	24	static
lsm6dsl_reg.c:180:9:lsm6dsl_xl_data_rate_get	16	static
lsm6dsl_reg.c:238:9:lsm6dsl_gy_full_scale_set	24	static
lsm6dsl_reg.c:258:9:lsm6dsl_gy_full_scale_get	16	static
lsm6dsl_reg.c:295:9:lsm6dsl_gy_data_rate_set	24	static
lsm6dsl_reg.c:315:9:lsm6dsl_gy_data_rate_get	16	static
lsm6dsl_reg.c:370:9:lsm6dsl_block_data_update_set	24	static
lsm6dsl_reg.c:390:9:lsm6dsl_block_data_update_get	16	static
lsm6dsl_reg.c:410:9:lsm6dsl_xl_offset_weight_set	24	static
lsm6dsl_reg.c:433:9:lsm6dsl_xl_offset_weight_get	16	static
lsm6dsl_reg.c:464:9:lsm6dsl_xl_power_mode_set	24	static
lsm6dsl_reg.c:486:9:lsm6dsl_xl_power_mode_get	16	static
lsm6dsl_reg.c:520:9:lsm6dsl_rounding_on_status_set	24	static
lsm6dsl_reg.c:546:9:lsm6dsl_rounding_on_status_get	16	static
lsm6dsl_reg.c:576:9:lsm6dsl_gy_power_mode_set	24	static
lsm6dsl_reg.c:597:9:lsm6dsl_gy_power_mode_get	16	static
lsm6dsl_reg.c:657:9:lsm6dsl_status_reg_get	0	static
lsm6dsl_reg.c:669:9:lsm6dsl_xl_flag_data_ready_get	16	static
lsm6dsl_reg.c:687:9:lsm6dsl_gy_flag_data_ready_get	16	static
lsm6dsl_reg.c:705:9:lsm6dsl_temp_flag_data_ready_get	16	static
lsm6dsl_reg.c:726:9:lsm6dsl_xl_usr_offset_set	0	static
lsm6dsl_reg.c:741:9:lsm6dsl_xl_usr_offset_get	0	static
lsm6dsl_reg.c:766:9:lsm6dsl_timestamp_set	24	static
lsm6dsl_reg.c:791:9:lsm6dsl_timestamp_get	16	static
lsm6dsl_reg.c:815:9:lsm6dsl_timestamp_res_set	24	static
lsm6dsl_reg.c:840:9:lsm6dsl_timestamp_res_get	16	static
lsm6dsl_reg.c:879:9:lsm6dsl_rounding_mode_set	24	static
lsm6dsl_reg.c:901:9:lsm6dsl_rounding_mode_get	16	static
lsm6dsl_reg.c:949:9:lsm6dsl_temperature_raw_get	0	static
lsm6dsl_reg.c:963:9:lsm6dsl_angular_rate_raw_get	0	static
lsm6dsl_reg.c:977:9:lsm6dsl_acceleration_raw_get	0	static
lsm6dsl_reg.c:989:9:lsm6dsl_mag_calibrated_raw_get	0	static
lsm6dsl_reg.c:1002:9:lsm6dsl_fifo_raw_data_get	0	static
lsm6dsl_reg.c:1031:9:lsm6dsl_mem_bank_set	24	static
lsm6dsl_reg.c:628:9:lsm6dsl_all_sources_get	16	static
lsm6dsl_reg.c:1054:9:lsm6dsl_mem_bank_get	16	static
lsm6dsl_reg.c:1083:9:lsm6dsl_data_ready_mode_set	24	static
lsm6dsl_reg.c:1105:9:lsm6dsl_data_ready_mode_get	16	static
lsm6dsl_reg.c:1134:9:lsm6dsl_device_id_get	0	static
lsm6dsl_reg.c:1147:9:lsm6dsl_reset_set	24	static
lsm6dsl_reg.c:1168:9:lsm6dsl_reset_get	16	static
lsm6dsl_reg.c:1186:9:lsm6dsl_data_format_set	24	static
lsm6dsl_reg.c:1206:9:lsm6dsl_data_format_get	16	static
lsm6dsl_reg.c:1236:9:lsm6dsl_auto_increment_set	24	static
lsm6dsl_reg.c:1258:9:lsm6dsl_auto_increment_get	16	static
lsm6dsl_reg.c:1277:9:lsm6dsl_boot_set	24	static
lsm6dsl_reg.c:1298:9:lsm6dsl_boot_get	16	static
lsm6dsl_reg.c:1316:9:lsm6dsl_xl_self_test_set	24	static
lsm6dsl_reg.c:1336:9:lsm6dsl_xl_self_test_get	16	static
lsm6dsl_reg.c:1366:9:lsm6dsl_gy_self_test_set	24	static
lsm6dsl_reg.c:1386:9:lsm6dsl_gy_self_test_get	16	static
lsm6dsl_reg.c:1430:9:lsm6dsl_filter_settling_mask_set	24	static
lsm6dsl_reg.c:1452:9:lsm6dsl_filter_settling_mask_get	16	static
lsm6dsl_reg.c:1472:9:lsm6dsl_xl_hp_path_internal_set	24	static
lsm6dsl_reg.c:1495:9:lsm6dsl_xl_hp_path_internal_get	16	static
lsm6dsl_reg.c:1537:9:lsm6dsl_xl_filter_analog_set	24	static
lsm6dsl_reg.c:1559:9:lsm6dsl_xl_filter_analog_get	16	static
lsm6dsl_reg.c:1601:9:lsm6dsl_xl_lp1_bandwidth_set	24	static
lsm6dsl_reg.c:1632:9:lsm6dsl_xl_lp1_bandwidth_get	24	static
lsm6dsl_reg.c:1670:9:lsm6dsl_xl_lp2_bandwidth_set	24	static
lsm6dsl_reg.c:1695:9:lsm6dsl_xl_lp2_bandwidth_get	16	static
lsm6dsl_reg.c:1750:9:lsm6dsl_xl_reference_mode_set	24	static
lsm6dsl_reg.c:1770:9:lsm6dsl_xl_reference_mode_get	16	static
lsm6dsl_reg.c:1788:9:lsm6dsl_xl_hp_bandwidth_set	24	static
lsm6dsl_reg.c:1810:9:lsm6dsl_xl_hp_bandwidth_get	16	static
lsm6dsl_reg.c:1858:9:lsm6dsl_gy_band_pass_set	24	static
lsm6dsl_reg.c:1893:9:lsm6dsl_gy_band_pass_get	24	static
lsm6dsl_reg.c:1970:9:lsm6dsl_spi_mode_set	24	static
lsm6dsl_reg.c:1990:9:lsm6dsl_spi_mode_get	16	static
lsm6dsl_reg.c:2018:9:lsm6dsl_i2c_interface_set	24	static
lsm6dsl_reg.c:2040:9:lsm6dsl_i2c_interface_get	16	static
lsm6dsl_reg.c:2082:9:lsm6dsl_pin_int1_route_set	32	static
lsm6dsl_reg.c:2160:9:lsm6dsl_pin_int1_route_get	24	static
lsm6dsl_reg.c:2208:9:lsm6dsl_pin_int2_route_set	24	static
lsm6dsl_reg.c:2279:9:lsm6dsl_pin_int2_route_get	24	static
lsm6dsl_reg.c:2321:9:lsm6dsl_pin_mode_set	24	static
lsm6dsl_reg.c:2341:9:lsm6dsl_pin_mode_get	16	static
lsm6dsl_reg.c:2369:9:lsm6dsl_pin_polarity_set	24	static
lsm6dsl_reg.c:2389:9:lsm6dsl_pin_polarity_get	16	static
lsm6dsl_reg.c:2418:9:lsm6dsl_all_on_int1_set	24	static
lsm6dsl_reg.c:2439:9:lsm6dsl_all_on_int1_get	16	static
lsm6dsl_reg.c:2457:9:lsm6dsl_int_notification_set	24	static
lsm6dsl_reg.c:2477:9:lsm6dsl_int_notification_get	16	static
lsm6dsl_reg.c:2516:9:lsm6dsl_wkup_threshold_set	24	static
lsm6dsl_reg.c:2536:9:lsm6dsl_wkup_threshold_get	16	static
lsm6dsl_reg.c:2554:9:lsm6dsl_wkup_dur_set	24	static
lsm6dsl_reg.c:2574:9:lsm6dsl_wkup_dur_get	16	static
lsm6dsl_reg.c:2603:9:lsm6dsl_gy_sleep_mode_set	24	static
lsm6dsl_reg.c:2623:9:lsm6dsl_gy_sleep_mode_get	16	static
lsm6dsl_reg.c:2641:9:lsm6dsl_act_mode_set	24	static
lsm6dsl_reg.c:2661:9:lsm6dsl_act_mode_get	16	static
lsm6dsl_reg.c:2696:9:lsm6dsl_act_sleep_dur_set	24	static
lsm6dsl_reg.c:2717:9:lsm6dsl_act_sleep_dur_get	16	static
lsm6dsl_reg.c:2746:9:lsm6dsl_tap_src_get	0	static
lsm6dsl_reg.c:2758:9:lsm6dsl_tap_detection_on_z_set	24	static
lsm6dsl_reg.c:2778:9:lsm6dsl_tap_detection_on_z_get	16	static
lsm6dsl_reg.c:2796:9:lsm6dsl_tap_detection_on_y_set	24	static
lsm6dsl_reg.c:2816:9:lsm6dsl_tap_detection_on_y_get	16	static
lsm6dsl_reg.c:2834:9:lsm6dsl_tap_detection_on_x_set	24	static
lsm6dsl_reg.c:2854:9:lsm6dsl_tap_detection_on_x_get	16	static
lsm6dsl_reg.c:2872:9:lsm6dsl_tap_threshold_x_set	24	static
lsm6dsl_reg.c:2892:9:lsm6dsl_tap_threshold_x_get	16	static
lsm6dsl_reg.c:2916:9:lsm6dsl_tap_shock_set	24	static
lsm6dsl_reg.c:2942:9:lsm6dsl_tap_shock_get	16	static
lsm6dsl_reg.c:2967:9:lsm6dsl_tap_quiet_set	24	static
lsm6dsl_reg.c:2993:9:lsm6dsl_tap_quiet_get	16	static
lsm6dsl_reg.c:3018:9:lsm6dsl_tap_dur_set	24	static
lsm6dsl_reg.c:3045:9:lsm6dsl_tap_dur_get	16	static
lsm6dsl_reg.c:3064:9:lsm6dsl_tap_mode_set	24	static
lsm6dsl_reg.c:3086:9:lsm6dsl_tap_mode_get	16	static
lsm6dsl_reg.c:3127:9:lsm6dsl_6d_feed_data_set	24	static
lsm6dsl_reg.c:3149:9:lsm6dsl_6d_feed_data_get	16	static
lsm6dsl_reg.c:3178:9:lsm6dsl_6d_threshold_set	24	static
lsm6dsl_reg.c:3198:9:lsm6dsl_6d_threshold_get	16	static
lsm6dsl_reg.c:3232:9:lsm6dsl_4d_mode_set	24	static
lsm6dsl_reg.c:3252:9:lsm6dsl_4d_mode_get	16	static
lsm6dsl_reg.c:3281:9:lsm6dsl_ff_dur_set	24	static
lsm6dsl_reg.c:3308:9:lsm6dsl_ff_dur_get	16	static
lsm6dsl_reg.c:3326:9:lsm6dsl_ff_threshold_set	24	static
lsm6dsl_reg.c:3346:9:lsm6dsl_ff_threshold_get	16	static
lsm6dsl_reg.c:3402:9:lsm6dsl_fifo_watermark_set	24	static
lsm6dsl_reg.c:3423:9:lsm6dsl_fifo_watermark_get	16	static
lsm6dsl_reg.c:3444:9:lsm6dsl_fifo_data_level_get	16	static
lsm6dsl_reg.c:3463:9:lsm6dsl_fifo_wtm_flag_get	16	static
lsm6dsl_reg.c:3482:9:lsm6dsl_fifo_pattern_get	16	static
lsm6dsl_reg.c:3501:9:lsm6dsl_fifo_temp_batch_set	24	static
lsm6dsl_reg.c:3522:9:lsm6dsl_fifo_temp_batch_get	16	static
lsm6dsl_reg.c:3541:9:lsm6dsl_fifo_write_trigger_set	24	static
lsm6dsl_reg.c:3571:9:lsm6dsl_fifo_write_trigger_get	24	static
lsm6dsl_reg.c:3611:9:lsm6dsl_fifo_pedo_and_timestamp_batch_set	24	static
lsm6dsl_reg.c:3634:9:lsm6dsl_fifo_pedo_and_timestamp_batch_get	16	static
lsm6dsl_reg.c:3655:9:lsm6dsl_fifo_xl_batch_set	24	static
lsm6dsl_reg.c:3678:9:lsm6dsl_fifo_xl_batch_get	16	static
lsm6dsl_reg.c:3727:9:lsm6dsl_fifo_gy_batch_set	24	static
lsm6dsl_reg.c:3750:9:lsm6dsl_fifo_gy_batch_get	16	static
lsm6dsl_reg.c:3799:9:lsm6dsl_fifo_dataset_3_batch_set	24	static
lsm6dsl_reg.c:3823:9:lsm6dsl_fifo_dataset_3_batch_get	16	static
lsm6dsl_reg.c:3873:9:lsm6dsl_fifo_dataset_4_batch_set	24	static
lsm6dsl_reg.c:3897:9:lsm6dsl_fifo_dataset_4_batch_get	16	static
lsm6dsl_reg.c:3944:9:lsm6dsl_fifo_xl_gy_8bit_format_set	24	static
lsm6dsl_reg.c:3964:9:lsm6dsl_fifo_xl_gy_8bit_format_get	16	static
lsm6dsl_reg.c:3983:9:lsm6dsl_fifo_stop_on_wtm_set	24	static
lsm6dsl_reg.c:4004:9:lsm6dsl_fifo_stop_on_wtm_get	16	static
lsm6dsl_reg.c:4023:9:lsm6dsl_fifo_mode_set	24	static
lsm6dsl_reg.c:4043:9:lsm6dsl_fifo_mode_get	16	static
lsm6dsl_reg.c:4080:9:lsm6dsl_fifo_data_rate_set	24	static
lsm6dsl_reg.c:4100:9:lsm6dsl_fifo_data_rate_get	16	static
lsm6dsl_reg.c:4166:10:lsm6dsl_den_polarity_set	24	static
lsm6dsl_reg.c:4186:9:lsm6dsl_den_polarity_get	16	static
lsm6dsl_reg.c:4214:9:lsm6dsl_den_mode_set	24	static
lsm6dsl_reg.c:4234:9:lsm6dsl_den_mode_get	16	static
lsm6dsl_reg.c:4270:9:lsm6dsl_den_enable_set	24	static
lsm6dsl_reg.c:4299:9:lsm6dsl_den_enable_get	24	static
lsm6dsl_reg.c:4333:9:lsm6dsl_den_mark_axis_z_set	24	static
lsm6dsl_reg.c:4353:9:lsm6dsl_den_mark_axis_z_get	16	static
lsm6dsl_reg.c:4371:9:lsm6dsl_den_mark_axis_y_set	24	static
lsm6dsl_reg.c:4391:9:lsm6dsl_den_mark_axis_y_get	16	static
lsm6dsl_reg.c:4409:9:lsm6dsl_den_mark_axis_x_set	24	static
lsm6dsl_reg.c:4429:9:lsm6dsl_den_mark_axis_x_get	16	static
lsm6dsl_reg.c:4457:9:lsm6dsl_pedo_step_reset_set	24	static
lsm6dsl_reg.c:4477:9:lsm6dsl_pedo_step_reset_get	16	static
lsm6dsl_reg.c:4495:9:lsm6dsl_pedo_sens_set	24	static
lsm6dsl_reg.c:4519:9:lsm6dsl_pedo_sens_get	16	static
lsm6dsl_reg.c:4539:9:lsm6dsl_pedo_threshold_set	24	static
lsm6dsl_reg.c:4566:9:lsm6dsl_pedo_threshold_get	24	static
lsm6dsl_reg.c:4590:9:lsm6dsl_pedo_full_scale_set	24	static
lsm6dsl_reg.c:4617:9:lsm6dsl_pedo_full_scale_get	24	static
lsm6dsl_reg.c:4651:9:lsm6dsl_pedo_debounce_steps_set	24	static
lsm6dsl_reg.c:4678:9:lsm6dsl_pedo_debounce_steps_get	24	static
lsm6dsl_reg.c:4705:9:lsm6dsl_pedo_timeout_set	24	static
lsm6dsl_reg.c:4734:9:lsm6dsl_pedo_timeout_get	24	static
lsm6dsl_reg.c:4758:9:lsm6dsl_pedo_steps_period_set	16	static
lsm6dsl_reg.c:4780:9:lsm6dsl_pedo_steps_period_get	16	static
lsm6dsl_reg.c:4812:9:lsm6dsl_motion_sens_set	24	static
lsm6dsl_reg.c:4835:9:lsm6dsl_motion_sens_get	16	static
lsm6dsl_reg.c:4853:9:lsm6dsl_motion_threshold_set	16	static
lsm6dsl_reg.c:4874:9:lsm6dsl_motion_threshold_get	16	static
lsm6dsl_reg.c:4906:9:lsm6dsl_tilt_sens_set	24	static
lsm6dsl_reg.c:4929:9:lsm6dsl_tilt_sens_get	16	static
lsm6dsl_reg.c:4947:9:lsm6dsl_wrist_tilt_sens_set	24	static
lsm6dsl_reg.c:4970:9:lsm6dsl_wrist_tilt_sens_get	16	static
lsm6dsl_reg.c:4990:9:lsm6dsl_tilt_latency_set	16	static
lsm6dsl_reg.c:5013:9:lsm6dsl_tilt_latency_get	16	static
lsm6dsl_reg.c:5037:9:lsm6dsl_tilt_threshold_set	16	static
lsm6dsl_reg.c:5061:9:lsm6dsl_tilt_threshold_get	16	static
lsm6dsl_reg.c:5082:9:lsm6dsl_tilt_src_set	16	static
lsm6dsl_reg.c:5105:9:lsm6dsl_tilt_src_get	0	static
lsm6dsl_reg.c:5141:9:lsm6dsl_mag_soft_iron_set	24	static
lsm6dsl_reg.c:5162:9:lsm6dsl_mag_soft_iron_get	16	static
lsm6dsl_reg.c:5181:9:lsm6dsl_mag_hard_iron_set	24	static
lsm6dsl_reg.c:5211:9:lsm6dsl_mag_hard_iron_get	16	static
lsm6dsl_reg.c:5232:9:lsm6dsl_mag_soft_iron_mat_set	16	static
lsm6dsl_reg.c:5256:9:lsm6dsl_mag_soft_iron_mat_get	16	static
lsm6dsl_reg.c:5279:9:lsm6dsl_mag_offset_set	16	static
lsm6dsl_reg.c:5302:9:lsm6dsl_mag_offset_get	16	static
lsm6dsl_reg.c:5334:9:lsm6dsl_func_en_set	24	static
lsm6dsl_reg.c:5357:9:lsm6dsl_sh_sync_sens_frame_set	24	static
lsm6dsl_reg.c:5381:9:lsm6dsl_sh_sync_sens_frame_get	16	static
lsm6dsl_reg.c:5401:9:lsm6dsl_sh_sync_sens_ratio_set	24	static
lsm6dsl_reg.c:5424:9:lsm6dsl_sh_sync_sens_ratio_get	16	static
lsm6dsl_reg.c:5460:9:lsm6dsl_sh_master_set	24	static
lsm6dsl_reg.c:5480:9:lsm6dsl_sh_master_get	16	static
lsm6dsl_reg.c:5499:9:lsm6dsl_sh_pass_through_set	24	static
lsm6dsl_reg.c:5520:9:lsm6dsl_sh_pass_through_get	16	static
lsm6dsl_reg.c:5539:9:lsm6dsl_sh_pin_mode_set	24	static
lsm6dsl_reg.c:5561:9:lsm6dsl_sh_pin_mode_get	16	static
lsm6dsl_reg.c:5589:9:lsm6dsl_sh_syncro_mode_set	24	static
lsm6dsl_reg.c:5611:9:lsm6dsl_sh_syncro_mode_get	16	static
lsm6dsl_reg.c:5641:9:lsm6dsl_sh_drdy_on_int1_set	24	static
lsm6dsl_reg.c:5661:9:lsm6dsl_sh_drdy_on_int1_get	16	static
lsm6dsl_reg.c:5679:9:lsm6dsl_sh_read_data_raw_get	16	static
lsm6dsl_reg.c:5701:9:lsm6dsl_sh_cmd_sens_sync_set	24	static
lsm6dsl_reg.c:5723:9:lsm6dsl_sh_cmd_sens_sync_get	16	static
lsm6dsl_reg.c:5743:9:lsm6dsl_sh_spi_sync_error_set	24	static
lsm6dsl_reg.c:5767:9:lsm6dsl_sh_spi_sync_error_get	16	static
lsm6dsl_reg.c:5788:9:lsm6dsl_sh_num_of_dev_connected_set	24	static
lsm6dsl_reg.c:5817:9:lsm6dsl_sh_num_of_dev_connected_get	24	static
lsm6dsl_reg.c:5861:9:lsm6dsl_sh_cfg_write	24	static
lsm6dsl_reg.c:5896:9:lsm6dsl_sh_slv0_cfg_read	24	static
lsm6dsl_reg.c:5935:9:lsm6dsl_sh_slv1_cfg_read	24	static
lsm6dsl_reg.c:5974:9:lsm6dsl_sh_slv2_cfg_read	24	static
lsm6dsl_reg.c:6014:9:lsm6dsl_sh_slv3_cfg_read	24	static
lsm6dsl_reg.c:6052:9:lsm6dsl_sh_slave_0_dec_set	24	static
lsm6dsl_reg.c:6081:9:lsm6dsl_sh_slave_0_dec_get	24	static
lsm6dsl_reg.c:6127:9:lsm6dsl_sh_write_mode_set	24	static
lsm6dsl_reg.c:6158:9:lsm6dsl_sh_write_mode_get	24	static
lsm6dsl_reg.c:6195:9:lsm6dsl_sh_slave_1_dec_set	24	static
lsm6dsl_reg.c:6224:9:lsm6dsl_sh_slave_1_dec_get	24	static
lsm6dsl_reg.c:6267:9:lsm6dsl_sh_slave_2_dec_set	24	static
lsm6dsl_reg.c:6296:9:lsm6dsl_sh_slave_2_dec_get	24	static
lsm6dsl_reg.c:6339:9:lsm6dsl_sh_slave_3_dec_set	24	static
lsm6dsl_reg.c:6368:9:lsm6dsl_sh_slave_3_dec_get	24	static
