mqtt_client.c:62:13:on_connection_closed	0	static
mqtt_client.c:471:13:clear_mqtt_options	8	static
mqtt_client.c:76:13:close_connection	16	static
mqtt_client.c:104:13:set_error_callback	8	static
mqtt_client.c:127:17:byteutil_read_uint16	16	static
mqtt_client.c:361:12:sendPacketItem	40	static
mqtt_client.c:456:13:onIoError	32	static
mqtt_client.c:185:13:sendComplete	32	static
mqtt_client.c:440:13:onBytesReceived	24	static
mqtt_client.c:216:13:getLogTime.part.5.constprop	16	static
mqtt_client.c:312:13:log_outgoing_trace	48	static
mqtt_client.c:322:13:log_incoming_trace	48	static
mqtt_client.c:715:13:recvCompleteCallback	72	static
mqtt_client.c:388:13:onOpenComplete	32	static
mqtt_client.c:35:1:QOS_VALUEStrings	0	static
mqtt_client.c:35:1:QOS_VALUE_FromString	24	static
mqtt_client.c:911:20:mqtt_client_init	40	static
mqtt_client.c:965:6:mqtt_client_deinit	8	static
mqtt_client.c:979:5:mqtt_client_connect	56	static
mqtt_client.c:1019:5:mqtt_client_publish	56	static
mqtt_client.c:1083:5:mqtt_client_subscribe	48	static
mqtt_client.c:1131:5:mqtt_client_unsubscribe	48	static
mqtt_client.c:1179:5:mqtt_client_disconnect	32	static
mqtt_client.c:1243:6:mqtt_client_dowork	32	static
mqtt_client.c:1296:6:mqtt_client_set_trace	0	static
